n = 156  temperatures: 7  doses: 8 

=========== (iii) pure-interaction term ===========
                    edf   Ref.df         F      p-value
s(Temp)        3.867305 4.469803 18.721611 0.0000000000
s(ldose)       2.762889 3.268122 95.543078 0.0000000000
ti(Temp,ldose) 5.504271 6.942476  4.615051 0.0001148872

=========== (ii) AIC ===========
separable   AIC = -7.27 
interaction AIC = -29.36   dAIC = 22.09 

anova (separable vs interaction):
Analysis of Deviance Table

Model 1: logg ~ s(Temp, k = 6) + s(ldose, k = 5)
Model 2: logg ~ s(Temp, k = 6) + s(ldose, k = 5) + ti(Temp, ldose, k = c(5, 
    4))
  Resid. Df Resid. Dev    Df Deviance     F    Pr(>F)    
1    146.83      7.765                                   
2    137.77      6.110 9.058   1.6549 4.272 6.347e-05 ***
---
Signif. codes:  0 ‘***’ 0.001 ‘**’ 0.01 ‘*’ 0.05 ‘.’ 0.1 ‘ ’ 1

=========== (i) exact leave-one-out CV ===========
separable   LOO RMSE = 0.2343  MAE = 0.1655 
interaction LOO RMSE = 0.2162  MAE = 0.1501 
paired difference in squared LOO error (separable - interaction): mean 0.00817  95% CI [ 0.0019 , 0.0144 ]  p = 0.011 
interaction model better on 53.2 % of held-out points

=========== interaction residual by temperature ===========
   Tr median_delta frac_dose_positive frac_credibly_nonzero
1  15       -0.042               0.43                  0.00
2  16       -0.021               0.32                  0.00
3  17       -0.007               0.34                  0.00
4  18        0.005               0.57                  0.00
5  19        0.009               0.57                  0.00
6  20        0.007               0.57                  0.00
7  21        0.000               0.49                  0.00
8  22       -0.002               0.43                  0.00
9  23       -0.004               0.43                  0.29
10 24       -0.004               0.43                  0.20
11 25       -0.005               0.43                  0.00
12 26        0.000               0.51                  0.00
13 27        0.018               0.57                  0.00
14 28        0.036               0.62                  0.00

=========== basis-dimension sensitivity ===========
  k_Temp k_dose  edf     F        p  dAIC
1      3      3 1.00 4.399 3.77e-02  2.66
2      3      4 2.31 2.193 6.90e-02  3.03
3      4      3 2.77 4.290 5.65e-03  9.07
4      4      4 2.77 4.290 5.65e-03  9.07
5      5      3 4.82 5.271 8.07e-05 22.37
6      5      4 5.50 4.615 1.15e-04 22.09

Note: the tensor term is favoured at every basis dimension tested, but a
temperature basis of k = 3 cannot represent a sign reversal across T_opt
(it leaves ~2 df), so it is underpowered against the specific alternative.

exact LOO at ti k = c(4,3): RMSE = 0.2272  vs separable 0.2343 ; paired mean 0.00327  95% CI [ -0.000985 , 0.00753 ]  p = 0.131 

wrote -> tables/revision/interaction 
