[optional] package not installed: Rsubread
[optional] package not installed: clusterProfiler
Project root: /Users/ilgazcakin/Desktop/X0123
Detected 94 FASTQ files in 01_reads
Library layout detected as: PAIRED-END  (R1=47, R2=47)
Parsed 47 samples: 45 treatment + 2 control.
Replicates per treatment group:

15_0 15_2 21_0 21_2 27_0 27_2 
   8    8    8    7    7    7 
Saved metadata -> results/00_metadata/sample_metadata.csv
RUN_QUANT=FALSE: importing pre-computed Salmon quant.sf files.
reading in files with read.delim (install 'readr' package for speed up)
1 2 3 4 5 6 7 8 9 10 11 12 13 14 15 16 17 18 19 20 21 22 23 24 25 26 27 28 29 30 31 32 33 34 35 36 37 38 39 40 41 42 43 44 45 
summarizing abundance
summarizing counts
summarizing length
using counts and average transcript lengths from tximport
Filtering: kept 9209 / 10933 genes (>= 10 counts in >= 7 samples).
estimating size factors
using 'avgTxLength' from assays(dds), correcting for library size
estimating dispersions
gene-wise dispersion estimates
mean-dispersion relationship
final dispersion estimates
fitting model and testing
-- replacing outliers and refitting for 2 genes
-- DESeq argument 'minReplicatesForReplace' = 7 
-- original counts are preserved in counts(dds)
estimating dispersions
fitting model and testing
Model coefficients available: Intercept, temperature_21_vs_15, temperature_27_vs_15, prothioconazole_2_vs_0, temperature21.prothioconazole2, temperature27.prothioconazole2
using pre-existing normalization factors
estimating dispersions
found already estimated dispersions, replacing these
gene-wise dispersion estimates
mean-dispersion relationship
final dispersion estimates
fitting model and testing
-- replacing outliers and refitting for 2 genes
-- DESeq argument 'minReplicatesForReplace' = 7 
-- original counts are preserved in counts(dds)
estimating dispersions
fitting model and testing
using 'ashr' for LFC shrinkage. If used in published research, please cite:
    Stephens, M. (2016) False discovery rates: a new deal. Biostatistics, 18:2.
    https://doi.org/10.1093/biostatistics/kxw041
  proth_at_15C_2vs0       1922 significant (padj<0.05, |lfc|>=1)
using 'ashr' for LFC shrinkage. If used in published research, please cite:
    Stephens, M. (2016) False discovery rates: a new deal. Biostatistics, 18:2.
    https://doi.org/10.1093/biostatistics/kxw041
  proth_at_21C_2vs0       2194 significant (padj<0.05, |lfc|>=1)
using 'ashr' for LFC shrinkage. If used in published research, please cite:
    Stephens, M. (2016) False discovery rates: a new deal. Biostatistics, 18:2.
    https://doi.org/10.1093/biostatistics/kxw041
  proth_at_27C_2vs0       182 significant (padj<0.05, |lfc|>=1)
using 'ashr' for LFC shrinkage. If used in published research, please cite:
    Stephens, M. (2016) False discovery rates: a new deal. Biostatistics, 18:2.
    https://doi.org/10.1093/biostatistics/kxw041
  temp_21vs15_proth0      49 significant (padj<0.05, |lfc|>=1)
using 'ashr' for LFC shrinkage. If used in published research, please cite:
    Stephens, M. (2016) False discovery rates: a new deal. Biostatistics, 18:2.
    https://doi.org/10.1093/biostatistics/kxw041
  temp_27vs15_proth0      1398 significant (padj<0.05, |lfc|>=1)
using 'ashr' for LFC shrinkage. If used in published research, please cite:
    Stephens, M. (2016) False discovery rates: a new deal. Biostatistics, 18:2.
    https://doi.org/10.1093/biostatistics/kxw041
  temp_27vs21_proth0      1067 significant (padj<0.05, |lfc|>=1)
using 'ashr' for LFC shrinkage. If used in published research, please cite:
    Stephens, M. (2016) False discovery rates: a new deal. Biostatistics, 18:2.
    https://doi.org/10.1093/biostatistics/kxw041
  temp_21vs15_proth2      408 significant (padj<0.05, |lfc|>=1)
using 'ashr' for LFC shrinkage. If used in published research, please cite:
    Stephens, M. (2016) False discovery rates: a new deal. Biostatistics, 18:2.
    https://doi.org/10.1093/biostatistics/kxw041
  temp_27vs15_proth2      1226 significant (padj<0.05, |lfc|>=1)
using 'ashr' for LFC shrinkage. If used in published research, please cite:
    Stephens, M. (2016) False discovery rates: a new deal. Biostatistics, 18:2.
    https://doi.org/10.1093/biostatistics/kxw041
  temp_27vs21_proth2      161 significant (padj<0.05, |lfc|>=1)
  interaction_temperature21_prothioconazole2  529 significant (padj<0.05, |lfc|>=1)
  interaction_temperature27_prothioconazole2  896 significant (padj<0.05, |lfc|>=1)
using pre-existing normalization factors
estimating dispersions
found already estimated dispersions, replacing these
gene-wise dispersion estimates
mean-dispersion relationship
final dispersion estimates
fitting model and testing
-- replacing outliers and refitting for 2 genes
-- DESeq argument 'minReplicatesForReplace' = 7 
-- original counts are preserved in counts(dds)
estimating dispersions
fitting model and testing
  interaction_LRT_any     1076 significant (padj<0.05, |lfc|>=1)

DE summary:
                                   comparison n_tested n_sig n_up n_down
1                                 proth_at_15     9209  1922  898   1024
2                                 proth_at_21     9209  2194 1457    737
3                                 proth_at_27     8137   182  112     70
4                                temp_21v15_0     7423    49   10     39
5                                temp_27v15_0     9209  1398  943    455
6                                temp_27v21_0     9209  1067  891    176
7                                temp_21v15_2     9209   408  333     75
8                                temp_27v15_2     9209  1226  861    365
9                                temp_27v21_2     9209   161   71     90
10 interaction_temperature21_prothioconazole2     9030   529  402    127
11 interaction_temperature27_prothioconazole2     7780   896  531    365
12                        interaction_LRT_any     9209  1076  606    470
using ntop=500 top features by variance
  figure -> PCA_temperature_prothioconazole (.pdf/.png)
  figure -> sample_distance_heatmap (.pdf/.png)
  figure -> volcano_proth_at_15C_2vs0 (.pdf/.png)
  figure -> volcano_proth_at_21C_2vs0 (.pdf/.png)
  figure -> volcano_proth_at_27C_2vs0 (.pdf/.png)
  figure -> volcano_temp_27vs15_proth0 (.pdf/.png)
  figure -> volcano_temp_27vs15_proth2 (.pdf/.png)
  figure -> volcano_interaction_LRT_any (.pdf/.png)
Warning messages:
1: Using `size` aesthetic for lines was deprecated in ggplot2 3.4.0.
ℹ Please use `linewidth` instead.
ℹ The deprecated feature was likely used in the EnhancedVolcano package.
  Please report the issue to the authors. 
2: The `size` argument of `element_line()` is deprecated as of ggplot2 3.4.0.
ℹ Please use the `linewidth` argument instead.
ℹ The deprecated feature was likely used in the EnhancedVolcano package.
  Please report the issue to the authors. 
  figure -> MA_proth_at_15C_2vs0 (.pdf/.png)
  figure -> MA_proth_at_21C_2vs0 (.pdf/.png)
  figure -> MA_proth_at_27C_2vs0 (.pdf/.png)
  figure -> MA_temp_27vs15_proth0 (.pdf/.png)
  figure -> MA_temp_27vs15_proth2 (.pdf/.png)
  figure -> MA_interaction_LRT_any (.pdf/.png)
  figure -> heatmap_top_DE_genes (.pdf/.png)
  figure -> heatmap_interaction_genes (.pdf/.png)
  figure -> expression_top_genes_by_treatment (.pdf/.png)
  figure -> upset_DE_overlap (.pdf/.png)
Warning message:
`aes_string()` was deprecated in ggplot2 3.0.0.
ℹ Please use tidy evaluation idioms with `aes()`.
ℹ See also `vignette("ggplot2-in-packages")` for more information.
ℹ The deprecated feature was likely used in the UpSetR package.
  Please report the issue at <https://github.com/hms-dbmi/UpSetR/issues>. 
Skipping enrichment (no GO annotation / clusterProfiler).

==============================================================
DONE. Outputs written under: results/
  metadata : results/00_metadata
  QC       : results/01_qc
  counts   : results/03_counts
  DE tables: results/04_differential_expression
  figures  : results/05_figures
==============================================================
